Archive member included to satisfy reference by file (symbol)

C:/ST/STM32CubeIDE_1.16.0/STM32CubeIDE/plugins/com.st.stm32cube.ide.mcu.externaltools.gnu-tools-for-stm32.12.3.rel1.win32_1.1.0.202410251130/tools/bin/../lib/gcc/arm-none-eabi/12.3.1/../../../../arm-none-eabi/lib/thumb/v8-m.main+fp/hard\libc_nano.a(libc_a-exit.o)
                              C:/ST/STM32CubeIDE_1.16.0/STM32CubeIDE/plugins/com.st.stm32cube.ide.mcu.externaltools.gnu-tools-for-stm32.12.3.rel1.win32_1.1.0.202410251130/tools/bin/../lib/gcc/arm-none-eabi/12.3.1/../../../../arm-none-eabi/lib/thumb/v8-m.main+fp/hard/crt0.o (exit)
C:/ST/STM32CubeIDE_1.16.0/STM32CubeIDE/plugins/com.st.stm32cube.ide.mcu.externaltools.gnu-tools-for-stm32.12.3.rel1.win32_1.1.0.202410251130/tools/bin/../lib/gcc/arm-none-eabi/12.3.1/../../../../arm-none-eabi/lib/thumb/v8-m.main+fp/hard\libc_nano.a(libc_a-findfp.o)
                              C:/ST/STM32CubeIDE_1.16.0/STM32CubeIDE/plugins/com.st.stm32cube.ide.mcu.externaltools.gnu-tools-for-stm32.12.3.rel1.win32_1.1.0.202410251130/tools/bin/../lib/gcc/arm-none-eabi/12.3.1/../../../../arm-none-eabi/lib/thumb/v8-m.main+fp/hard\libc_nano.a(libc_a-exit.o) (__stdio_exit_handler)
C:/ST/STM32CubeIDE_1.16.0/STM32CubeIDE/plugins/com.st.stm32cube.ide.mcu.externaltools.gnu-tools-for-stm32.12.3.rel1.win32_1.1.0.202410251130/tools/bin/../lib/gcc/arm-none-eabi/12.3.1/../../../../arm-none-eabi/lib/thumb/v8-m.main+fp/hard\libc_nano.a(libc_a-fwalk.o)
                              C:/ST/STM32CubeIDE_1.16.0/STM32CubeIDE/plugins/com.st.stm32cube.ide.mcu.externaltools.gnu-tools-for-stm32.12.3.rel1.win32_1.1.0.202410251130/tools/bin/../lib/gcc/arm-none-eabi/12.3.1/../../../../arm-none-eabi/lib/thumb/v8-m.main+fp/hard\libc_nano.a(libc_a-findfp.o) (_fwalk_sglue)
C:/ST/STM32CubeIDE_1.16.0/STM32CubeIDE/plugins/com.st.stm32cube.ide.mcu.externaltools.gnu-tools-for-stm32.12.3.rel1.win32_1.1.0.202410251130/tools/bin/../lib/gcc/arm-none-eabi/12.3.1/../../../../arm-none-eabi/lib/thumb/v8-m.main+fp/hard\libc_nano.a(libc_a-stdio.o)
                              C:/ST/STM32CubeIDE_1.16.0/STM32CubeIDE/plugins/com.st.stm32cube.ide.mcu.externaltools.gnu-tools-for-stm32.12.3.rel1.win32_1.1.0.202410251130/tools/bin/../lib/gcc/arm-none-eabi/12.3.1/../../../../arm-none-eabi/lib/thumb/v8-m.main+fp/hard\libc_nano.a(libc_a-findfp.o) (__sread)
C:/ST/STM32CubeIDE_1.16.0/STM32CubeIDE/plugins/com.st.stm32cube.ide.mcu.externaltools.gnu-tools-for-stm32.12.3.rel1.win32_1.1.0.202410251130/tools/bin/../lib/gcc/arm-none-eabi/12.3.1/../../../../arm-none-eabi/lib/thumb/v8-m.main+fp/hard\libc_nano.a(libc_a-memset.o)
                              C:/ST/STM32CubeIDE_1.16.0/STM32CubeIDE/plugins/com.st.stm32cube.ide.mcu.externaltools.gnu-tools-for-stm32.12.3.rel1.win32_1.1.0.202410251130/tools/bin/../lib/gcc/arm-none-eabi/12.3.1/../../../../arm-none-eabi/lib/thumb/v8-m.main+fp/hard/crt0.o (memset)
C:/ST/STM32CubeIDE_1.16.0/STM32CubeIDE/plugins/com.st.stm32cube.ide.mcu.externaltools.gnu-tools-for-stm32.12.3.rel1.win32_1.1.0.202410251130/tools/bin/../lib/gcc/arm-none-eabi/12.3.1/../../../../arm-none-eabi/lib/thumb/v8-m.main+fp/hard\libc_nano.a(libc_a-closer.o)
                              C:/ST/STM32CubeIDE_1.16.0/STM32CubeIDE/plugins/com.st.stm32cube.ide.mcu.externaltools.gnu-tools-for-stm32.12.3.rel1.win32_1.1.0.202410251130/tools/bin/../lib/gcc/arm-none-eabi/12.3.1/../../../../arm-none-eabi/lib/thumb/v8-m.main+fp/hard\libc_nano.a(libc_a-stdio.o) (_close_r)
C:/ST/STM32CubeIDE_1.16.0/STM32CubeIDE/plugins/com.st.stm32cube.ide.mcu.externaltools.gnu-tools-for-stm32.12.3.rel1.win32_1.1.0.202410251130/tools/bin/../lib/gcc/arm-none-eabi/12.3.1/../../../../arm-none-eabi/lib/thumb/v8-m.main+fp/hard\libc_nano.a(libc_a-reent.o)
                              C:/ST/STM32CubeIDE_1.16.0/STM32CubeIDE/plugins/com.st.stm32cube.ide.mcu.externaltools.gnu-tools-for-stm32.12.3.rel1.win32_1.1.0.202410251130/tools/bin/../lib/gcc/arm-none-eabi/12.3.1/../../../../arm-none-eabi/lib/thumb/v8-m.main+fp/hard\libc_nano.a(libc_a-closer.o) (errno)
C:/ST/STM32CubeIDE_1.16.0/STM32CubeIDE/plugins/com.st.stm32cube.ide.mcu.externaltools.gnu-tools-for-stm32.12.3.rel1.win32_1.1.0.202410251130/tools/bin/../lib/gcc/arm-none-eabi/12.3.1/../../../../arm-none-eabi/lib/thumb/v8-m.main+fp/hard\libc_nano.a(libc_a-impure.o)
                              C:/ST/STM32CubeIDE_1.16.0/STM32CubeIDE/plugins/com.st.stm32cube.ide.mcu.externaltools.gnu-tools-for-stm32.12.3.rel1.win32_1.1.0.202410251130/tools/bin/../lib/gcc/arm-none-eabi/12.3.1/../../../../arm-none-eabi/lib/thumb/v8-m.main+fp/hard\libc_nano.a(libc_a-reent.o) (_impure_ptr)
C:/ST/STM32CubeIDE_1.16.0/STM32CubeIDE/plugins/com.st.stm32cube.ide.mcu.externaltools.gnu-tools-for-stm32.12.3.rel1.win32_1.1.0.202410251130/tools/bin/../lib/gcc/arm-none-eabi/12.3.1/../../../../arm-none-eabi/lib/thumb/v8-m.main+fp/hard\libc_nano.a(libc_a-lseekr.o)
[...]
Memory Configuration

Name             Origin             Length             Attributes
RAM              0x20000000         0x000c0000         xrw
SRAM4            0x28000000         0x00004000         xrw
FLASH            0x08000000         0x00200000         xr
*default*        0x00000000         0xffffffff

Linker script and memory map

LOAD C:/ST/STM32CubeIDE_1.16.0/STM32CubeIDE/plugins/com.st.stm32cube.ide.mcu.externaltools.gnu-tools-for-stm32.12.3.rel1.win32_1.1.0.202410251130/tools/bin/../lib/gcc/arm-none-eabi/12.3.1/thumb/v8-m.main+fp/hard/crti.o
LOAD C:/ST/STM32CubeIDE_1.16.0/STM32CubeIDE/plugins/com.st.stm32cube.ide.mcu.externaltools.gnu-tools-for-stm32.12.3.rel1.win32_1.1.0.202410251130/tools/bin/../lib/gcc/arm-none-eabi/12.3.1/thumb/v8-m.main+fp/hard/crtbegin.o
LOAD C:/ST/STM32CubeIDE_1.16.0/STM32CubeIDE/plugins/com.st.stm32cube.ide.mcu.externaltools.gnu-tools-for-stm32.12.3.rel1.win32_1.1.0.202410251130/tools/bin/../lib/gcc/arm-none-eabi/12.3.1/../../../../arm-none-eabi/lib/thumb/v8-m.main+fp/hard/crt0.o
LOAD ./Core/Src/main.o
LOAD ./Core/Src/syscalls.o
LOAD ./Core/Src/sysmem.o
LOAD ./Core/Src/system_stm32u5xx.o
LOAD ./Core/Startup/startup_stm32u585aiixq.o
LOAD ./Drivers/STM32U5xx_HAL_Driver/Src/stm32u5xx_ll_dma.o
LOAD ./Drivers/STM32U5xx_HAL_Driver/Src/stm32u5xx_ll_exti.o
LOAD ./Drivers/STM32U5xx_HAL_Driver/Src/stm32u5xx_ll_gpio.o
LOAD ./Drivers/STM32U5xx_HAL_Driver/Src/stm32u5xx_ll_lpgpio.o
LOAD ./Drivers/STM32U5xx_HAL_Driver/Src/stm32u5xx_ll_ucpd.o
LOAD ./Drivers/STM32U5xx_HAL_Driver/Src/stm32u5xx_ll_utils.o
START GROUP
LOAD C:/ST/STM32CubeIDE_1.16.0/STM32CubeIDE/plugins/com.st.stm32cube.ide.mcu.externaltools.gnu-tools-for-stm32.12.3.rel1.win32_1.1.0.202410251130/tools/bin/../lib/gcc/arm-none-eabi/12.3.1/../../../../arm-none-eabi/lib/thumb/v8-m.main+fp/hard\libc_nano.a
LOAD C:/ST/STM32CubeIDE_1.16.0/STM32CubeIDE/plugins/com.st.stm32cube.ide.mcu.externaltools.gnu-tools-for-stm32.12.3.rel1.win32_1.1.0.202410251130/tools/bin/../lib/gcc/arm-none-eabi/12.3.1/../../../../arm-none-eabi/lib/thumb/v8-m.main+fp/hard\libm.a
END GROUP
START GROUP
LOAD C:/ST/STM32CubeIDE_1.16.0/STM32CubeIDE/plugins/com.st.stm32cube.ide.mcu.externaltools.gnu-tools-for-stm32.12.3.rel1.win32_1.1.0.202410251130/tools/bin/../lib/gcc/arm-none-eabi/12.3.1/thumb/v8-m.main+fp/hard\libgcc.a
LOAD C:/ST/STM32CubeIDE_1.16.0/STM32CubeIDE/plugins/com.st.stm32cube.ide.mcu.externaltools.gnu-tools-for-stm32.12.3.rel1.win32_1.1.0.202410251130/tools/bin/../lib/gcc/arm-none-eabi/12.3.1/../../../../arm-none-eabi/lib/thumb/v8-m.main+fp/hard\libc_nano.a
END GROUP
START GROUP
LOAD C:/ST/STM32CubeIDE_1.16.0/STM32CubeIDE/plugins/com.st.stm32cube.ide.mcu.externaltools.gnu-tools-for-stm32.12.3.rel1.win32_1.1.0.202410251130/tools/bin/../lib/gcc/arm-none-eabi/12.3.1/thumb/v8-m.main+fp/hard\libgcc.a
LOAD C:/ST/STM32CubeIDE_1.16.0/STM32CubeIDE/plugins/com.st.stm32cube.ide.mcu.externaltools.gnu-tools-for-stm32.12.3.rel1.win32_1.1.0.202410251130/tools/bin/../lib/gcc/arm-none-eabi/12.3.1/../../../../arm-none-eabi/lib/thumb/v8-m.main+fp/hard\libc_nano.a
LOAD C:/ST/STM32CubeIDE_1.16.0/STM32CubeIDE/plugins/com.st.stm32cube.ide.mcu.externaltools.gnu-tools-for-stm32.12.3.rel1.win32_1.1.0.202410251130/tools/bin/../lib/gcc/arm-none-eabi/12.3.1/../../../../arm-none-eabi/lib/thumb/v8-m.main+fp/hard\libnosys.a
END GROUP
START GROUP
LOAD C:/ST/STM32CubeIDE_1.16.0/STM32CubeIDE/plugins/com.st.stm32cube.ide.mcu.externaltools.gnu-tools-for-stm32.12.3.rel1.win32_1.1.0.202410251130/tools/bin/../lib/gcc/arm-none-eabi/12.3.1/thumb/v8-m.main+fp/hard\libgcc.a
LOAD C:/ST/STM32CubeIDE_1.16.0/STM32CubeIDE/plugins/com.st.stm32cube.ide.mcu.externaltools.gnu-tools-for-stm32.12.3.rel1.win32_1.1.0.202410251130/tools/bin/../lib/gcc/arm-none-eabi/12.3.1/../../../../arm-none-eabi/lib/thumb/v8-m.main+fp/hard\libc_nano.a
LOAD C:/ST/STM32CubeIDE_1.16.0/STM32CubeIDE/plugins/com.st.stm32cube.ide.mcu.externaltools.gnu-tools-for-stm32.12.3.rel1.win32_1.1.0.202410251130/tools/bin/../lib/gcc/arm-none-eabi/12.3.1/../../../../arm-none-eabi/lib/thumb/v8-m.main+fp/hard\libnosys.a
END GROUP
LOAD C:/ST/STM32CubeIDE_1.16.0/STM32CubeIDE/plugins/com.st.stm32cube.ide.mcu.externaltools.gnu-tools-for-stm32.12.3.rel1.win32_1.1.0.202410251130/tools/bin/../lib/gcc/arm-none-eabi/12.3.1/thumb/v8-m.main+fp/hard/crtend.o
LOAD C:/ST/STM32CubeIDE_1.16.0/STM32CubeIDE/plugins/com.st.stm32cube.ide.mcu.externaltools.gnu-tools-for-stm32.12.3.rel1.win32_1.1.0.202410251130/tools/bin/../lib/gcc/arm-none-eabi/12.3.1/thumb/v8-m.main+fp/hard/crtn.o
                0x200c0000                        _estack = (ORIGIN (RAM) + LENGTH (RAM))
                0x00000200                        _Min_Heap_Size = 0x200
                0x00000400                        _Min_Stack_Size = 0x400

.isr_vector     0x08000000      0x238
 *(.isr_vector)
 .isr_vector    0x08000000      0x238 ./Core/Startup/startup_stm32u585aiixq.o
                0x08000000                g_pfnVectors

.text           0x08000238      0x230
 *(.text)
 .text          0x08000238       0x40 C:/ST/STM32CubeIDE_1.16.0/STM32CubeIDE/plugins/com.st.stm32cube.ide.mcu.externaltools.gnu-tools-for-stm32.12.3.rel1.win32_1.1.0.202410251130/tools/bin/../lib/gcc/arm-none-eabi/12.3.1/thumb/v8-m.main+fp/hard/crtbegin.o
 *(.text*)
 .text.reverseBits
                0x08000278       0x3a ./Core/Src/main.o
                0x08000278                reverseBits
 .text.countSetBits
                0x080002b2       0x34 ./Core/Src/main.o
                0x080002b2                countSetBits
 .text.main     0x080002e6       0x5c ./Core/Src/main.o
                0x080002e6                main
 *fill*         0x08000342        0x2 
 .text.SystemInit
                0x08000344       0x70 ./Core/Src/system_stm32u5xx.o
                0x08000344                SystemInit
 .text.Reset_Handler
                0x080003b4       0x50 ./Core/Startup/startup_stm32u585aiixq.o
                0x080003b4                Reset_Handler
 .text.Default_Handler
                0x08000404        0x2 ./Core/Startup/startup_stm32u585aiixq.o
                0x08000404                EXTI2_IRQHandler
                0x08000404                TIM8_TRG_COM_IRQHandler
                0x08000404                TIM8_CC_IRQHandler
                0x08000404                EXTI5_IRQHandler
                0x08000404                DebugMon_Handler
                0x08000404                FLASH_S_IRQHandler
                0x08000404                EXTI13_IRQHandler
                0x08000404                TIM1_CC_IRQHandler
                0x08000404                TSC_IRQHandler
                0x08000404                HardFault_Handler
                0x08000404                TAMP_IRQHandler
                0x08000404                TIM6_IRQHandler
                0x08000404                EXTI12_IRQHandler
                0x08000404                CORDIC_IRQHandler
                0x08000404                SysTick_Handler
                0x08000404                PendSV_Handler
                0x08000404                NMI_Handler
                0x08000404                EXTI3_IRQHandler
                0x08000404                LPTIM4_IRQHandler
                0x08000404                GPDMA1_Channel5_IRQHandler
                0x08000404                EXTI8_IRQHandler
                0x08000404                LPTIM2_IRQHandler
                0x08000404                I2C3_ER_IRQHandler
                0x08000404                PWR_S3WU_IRQHandler
                0x08000404                MDF1_FLT2_IRQHandler
                0x08000404                LPDMA1_Channel3_IRQHandler
                0x08000404                LPTIM3_IRQHandler
                0x08000404                EXTI0_IRQHandler
                0x08000404                I2C2_EV_IRQHandler
                0x08000404                FPU_IRQHandler
                0x08000404                GPDMA1_Channel3_IRQHandler
                0x08000404                GPDMA1_Channel7_IRQHandler
                0x08000404                MDF1_FLT4_IRQHandler
                0x08000404                FDCAN1_IT1_IRQHandler
                0x08000404                RAMCFG_IRQHandler
                0x08000404                UsageFault_Handler
                0x08000404                GPDMA1_Channel9_IRQHandler
                0x08000404                DCACHE1_IRQHandler
                0x08000404                SPI1_IRQHandler
                0x08000404                OCTOSPI1_IRQHandler
                0x08000404                GPDMA1_Channel2_IRQHandler
                0x08000404                TIM8_UP_IRQHandler
                0x08000404                RCC_S_IRQHandler
                0x08000404                OCTOSPI2_IRQHandler
                0x08000404                SAI2_IRQHandler
                0x08000404                MDF1_FLT1_IRQHandler
                0x08000404                ADC1_IRQHandler
                0x08000404                PKA_IRQHandler
                0x08000404                MDF1_FLT5_IRQHandler
                0x08000404                EXTI15_IRQHandler
                0x08000404                TIM17_IRQHandler
                0x08000404                USART3_IRQHandler
                0x08000404                RTC_IRQHandler
                0x08000404                EXTI9_IRQHandler
                0x08000404                UART5_IRQHandler
                0x08000404                TIM4_IRQHandler
                0x08000404                I2C1_EV_IRQHandler
                0x08000404                GPDMA1_Channel12_IRQHandler
                0x08000404                GPDMA1_Channel1_IRQHandler
                0x08000404                TIM16_IRQHandler
                0x08000404                GPDMA1_Channel15_IRQHandler
                0x08000404                UART4_IRQHandler
                0x08000404                SecureFault_Handler
                0x08000404                TIM3_IRQHandler
                0x08000404                RCC_IRQHandler
                0x08000404                TIM1_TRG_COM_IRQHandler
                0x08000404                Default_Handler
                0x08000404                GPDMA1_Channel8_IRQHandler
                0x08000404                FMAC_IRQHandler
                0x08000404                OTFDEC1_IRQHandler
                0x08000404                GPDMA1_Channel11_IRQHandler
                0x08000404                TIM7_IRQHandler
                0x08000404                SDMMC1_IRQHandler
                0x08000404                SAES_IRQHandler
                0x08000404                TIM5_IRQHandler
                0x08000404                UCPD1_IRQHandler
                0x08000404                GPDMA1_Channel0_IRQHandler
                0x08000404                TIM15_IRQHandler
                0x08000404                I2C3_EV_IRQHandler
                0x08000404                LPDMA1_Channel0_IRQHandler
                0x08000404                PVD_PVM_IRQHandler
                0x08000404                SPI2_IRQHandler
                0x08000404                MemManage_Handler
                0x08000404                LPDMA1_Channel1_IRQHandler
                0x08000404                EXTI14_IRQHandler
                0x08000404                EXTI11_IRQHandler
                0x08000404                OTFDEC2_IRQHandler
                0x08000404                SVC_Handler
                0x08000404                CRS_IRQHandler
                0x08000404                GPDMA1_Channel14_IRQHandler
                0x08000404                LSECSSD_IRQHandler
                0x08000404                EXTI4_IRQHandler
                0x08000404                RTC_S_IRQHandler
                0x08000404                GPDMA1_Channel13_IRQHandler
                0x08000404                RNG_IRQHandler
                0x08000404                COMP_IRQHandler
                0x08000404                TIM1_UP_IRQHandler
                0x08000404                ADC4_IRQHandler
                0x08000404                WWDG_IRQHandler
                0x08000404                I2C4_EV_IRQHandler
                0x08000404                ADF1_IRQHandler
                0x08000404                IWDG_IRQHandler
                0x08000404                LPUART1_IRQHandler
                0x08000404                MDF1_FLT0_IRQHandler
                0x08000404                FDCAN1_IT0_IRQHandler
                0x08000404                TIM2_IRQHandler
                0x08000404                GPDMA1_Channel4_IRQHandler
                0x08000404                EXTI7_IRQHandler
                0x08000404                DMA2D_IRQHandler
                0x08000404                TIM1_BRK_IRQHandler
                0x08000404                EXTI1_IRQHandler
                0x08000404                SDMMC2_IRQHandler
                0x08000404                AES_IRQHandler
                0x08000404                DAC1_IRQHandler
                0x08000404                GTZC_IRQHandler
                0x08000404                MDF1_FLT3_IRQHandler
                0x08000404                USART2_IRQHandler
                0x08000404                GPDMA1_Channel6_IRQHandler
                0x08000404                I2C2_ER_IRQHandler
                0x08000404                TIM8_BRK_IRQHandler
                0x08000404                FLASH_IRQHandler
                0x08000404                BusFault_Handler
                0x08000404                USART1_IRQHandler
                0x08000404                EXTI10_IRQHandler
                0x08000404                OTG_FS_IRQHandler
                0x08000404                SPI3_IRQHandler
                0x08000404                LPDMA1_Channel2_IRQHandler
                0x08000404                I2C1_ER_IRQHandler
                0x08000404                FMC_IRQHandler
                0x08000404                EXTI6_IRQHandler
                0x08000404                LPTIM1_IRQHandler
                0x08000404                DCMI_PSSI_IRQHandler
                0x08000404                I2C4_ER_IRQHandler
                0x08000404                GPDMA1_Channel10_IRQHandler
                0x08000404                ICACHE_IRQHandler
                0x08000404                SAI1_IRQHandler
                0x08000404                HASH_IRQHandler
 *fill*         0x08000406        0x2 
 .text.__libc_init_array
                0x08000408       0x48 C:/ST/STM32CubeIDE_1.16.0/STM32CubeIDE/plugins/com.st.stm32cube.ide.mcu.externaltools.gnu-tools-for-stm32.12.3.rel1.win32_1.1.0.202410251130/tools/bin/../lib/gcc/arm-none-eabi/12.3.1/../../../../arm-none-eabi/lib/thumb/v8-m.main+fp/hard\libc_nano.a(libc_a-init.o)
                0x08000408                __libc_init_array
 *(.glue_7)
 .glue_7        0x08000450        0x0 linker stubs
 *(.glue_7t)
 .glue_7t       0x08000450        0x0 linker stubs
 *(.eh_frame)
 .eh_frame      0x08000450        0x0 C:/ST/STM32CubeIDE_1.16.0/STM32CubeIDE/plugins/com.st.stm32cube.ide.mcu.externaltools.gnu-tools-for-stm32.12.3.rel1.win32_1.1.0.202410251130/tools/bin/../lib/gcc/arm-none-eabi/12.3.1/thumb/v8-m.main+fp/hard/crtbegin.o
 *(.init)
 .init          0x08000450        0x4 C:/ST/STM32CubeIDE_1.16.0/STM32CubeIDE/plugins/com.st.stm32cube.ide.mcu.externaltools.gnu-tools-for-stm32.12.3.rel1.win32_1.1.0.202410251130/tools/bin/../lib/gcc/arm-none-eabi/12.3.1/thumb/v8-m.main+fp/hard/crti.o
                0x08000450                _init
 .init          0x08000454        0x8 C:/ST/STM32CubeIDE_1.16.0/STM32CubeIDE/plugins/com.st.stm32cube.ide.mcu.externaltools.gnu-tools-for-stm32.12.3.rel1.win32_1.1.0.202410251130/tools/bin/../lib/gcc/arm-none-eabi/12.3.1/thumb/v8-m.main+fp/hard/crtn.o
 *(.fini)
 .fini          0x0800045c        0x4 C:/ST/STM32CubeIDE_1.16.0/STM32CubeIDE/plugins/com.st.stm32cube.ide.mcu.externaltools.gnu-tools-for-stm32.12.3.rel1.win32_1.1.0.202410251130/tools/bin/../lib/gcc/arm-none-eabi/12.3.1/thumb/v8-m.main+fp/hard/crti.o
                0x0800045c                _fini
 .fini          0x08000460        0x8 C:/ST/STM32CubeIDE_1.16.0/STM32CubeIDE/plugins/com.st.stm32cube.ide.mcu.externaltools.gnu-tools-for-stm32.12.3.rel1.win32_1.1.0.202410251130/tools/bin/../lib/gcc/arm-none-eabi/12.3.1/thumb/v8-m.main+fp/hard/crtn.o
                0x08000468                        _etext = .

.vfp11_veneer   0x08000468        0x0
 .vfp11_veneer  0x08000468        0x0 linker stubs

.v4_bx          0x08000468        0x0
 .v4_bx         0x08000468        0x0 linker stubs

.iplt           0x08000468        0x0
 .iplt          0x08000468        0x0 C:/ST/STM32CubeIDE_1.16.0/STM32CubeIDE/plugins/com.st.stm32cube.ide.mcu.externaltools.gnu-tools-for-stm32.12.3.rel1.win32_1.1.0.202410251130/tools/bin/../lib/gcc/arm-none-eabi/12.3.1/thumb/v8-m.main+fp/hard/crtbegin.o

.rodata
 *(.rodata)
 *(.rodata*)

.ARM.extab
 *(.ARM.extab* .gnu.linkonce.armextab.*)

.ARM            0x08000468        0x0
                0x08000468                        __exidx_start = .
 *(.ARM.exidx*)
                0x08000468                        __exidx_end = .

.preinit_array  0x08000468        0x0
                0x08000468                        PROVIDE (__preinit_array_start = .)
 *(.preinit_array*)
                0x08000468                        PROVIDE (__preinit_array_end = .)

.init_array     0x08000468        0x4
                0x08000468                        PROVIDE (__init_array_start = .)
 *(SORT_BY_NAME(.init_array.*))
 *(.init_array*)
 .init_array    0x08000468        0x4 C:/ST/STM32CubeIDE_1.16.0/STM32CubeIDE/plugins/com.st.stm32cube.ide.mcu.externaltools.gnu-tools-for-stm32.12.3.rel1.win32_1.1.0.202410251130/tools/bin/../lib/gcc/arm-none-eabi/12.3.1/thumb/v8-m.main+fp/hard/crtbegin.o
                0x0800046c                        PROVIDE (__init_array_end = .)

.fini_array     0x0800046c        0x4
                [!provide]                        PROVIDE (__fini_array_start = .)
 *(SORT_BY_NAME(.fini_array.*))
 *(.fini_array*)
 .fini_array    0x0800046c        0x4 C:/ST/STM32CubeIDE_1.16.0/STM32CubeIDE/plugins/com.st.stm32cube.ide.mcu.externaltools.gnu-tools-for-stm32.12.3.rel1.win32_1.1.0.202410251130/tools/bin/../lib/gcc/arm-none-eabi/12.3.1/thumb/v8-m.main+fp/hard/crtbegin.o
                [!provide]                        PROVIDE (__fini_array_end = .)
                0x08000470                        _sidata = LOADADDR (.data)

.rel.dyn        0x08000470        0x0
 .rel.iplt      0x08000470        0x0 C:/ST/STM32CubeIDE_1.16.0/STM32CubeIDE/plugins/com.st.stm32cube.ide.mcu.externaltools.gnu-tools-for-stm32.12.3.rel1.win32_1.1.0.202410251130/tools/bin/../lib/gcc/arm-none-eabi/12.3.1/thumb/v8-m.main+fp/hard/crtbegin.o

.data           0x20000000        0x0 load address 0x08000470
                0x20000000                        _sdata = .
 *(.data)
 *(.data*)
 *(.RamFunc)
 *(.RamFunc*)
                0x20000000                        _edata = .

.igot.plt       0x20000000        0x0 load address 0x08000470
 .igot.plt      0x20000000        0x0 C:/ST/STM32CubeIDE_1.16.0/STM32CubeIDE/plugins/com.st.stm32cube.ide.mcu.externaltools.gnu-tools-for-stm32.12.3.rel1.win32_1.1.0.202410251130/tools/bin/../lib/gcc/arm-none-eabi/12.3.1/thumb/v8-m.main+fp/hard/crtbegin.o

.bss            0x20000000       0x1c load address 0x08000470
                0x20000000                        _sbss = .
                0x20000000                        __bss_start__ = _sbss
 *(.bss)
 .bss           0x20000000       0x1c C:/ST/STM32CubeIDE_1.16.0/STM32CubeIDE/plugins/com.st.stm32cube.ide.mcu.externaltools.gnu-tools-for-stm32.12.3.rel1.win32_1.1.0.202410251130/tools/bin/../lib/gcc/arm-none-eabi/12.3.1/thumb/v8-m.main+fp/hard/crtbegin.o
 *(.bss*)
 *(COMMON)
                0x2000001c                        _ebss = .
                0x2000001c                        __bss_end__ = _ebss

._user_heap_stack
                0x2000001c      0x604 load address 0x08000470
                0x20000020                        . = ALIGN (0x8)
 *fill*         0x2000001c        0x4 
                [!provide]                        PROVIDE (end = .)
                0x20000020                        PROVIDE (_end = .)
                0x20000220                        . = (. + _Min_Heap_Size)
 *fill*         0x20000020      0x200 
                0x20000620                        . = (. + _Min_Stack_Size)
 *fill*         0x20000220      0x400 
                0x20000620                        . = ALIGN (0x8)

/DISCARD/
 libc.a(*)
 libm.a(*)
 libgcc.a(*)

.ARM.attributes
                0x00000000       0x36
 *(.ARM.attributes)
 .ARM.attributes
                0x00000000       0x26 C:/ST/STM32CubeIDE_1.16.0/STM32CubeIDE/plugins/com.st.stm32cube.ide.mcu.externaltools.gnu-tools-for-stm32.12.3.rel1.win32_1.1.0.202410251130/tools/bin/../lib/gcc/arm-none-eabi/12.3.1/thumb/v8-m.main+fp/hard/crti.o
 .ARM.attributes
                0x00000026       0x38 C:/ST/STM32CubeIDE_1.16.0/STM32CubeIDE/plugins/com.st.stm32cube.ide.mcu.externaltools.gnu-tools-for-stm32.12.3.rel1.win32_1.1.0.202410251130/tools/bin/../lib/gcc/arm-none-eabi/12.3.1/thumb/v8-m.main+fp/hard/crtbegin.o
 .ARM.attributes
                0x0000005e       0x3a ./Core/Src/main.o
 .ARM.attributes
                0x00000098       0x3a ./Core/Src/system_stm32u5xx.o
 .ARM.attributes
                0x000000d2       0x24 ./Core/Startup/startup_stm32u585aiixq.o
 .ARM.attributes
                0x000000f6       0x38 C:/ST/STM32CubeIDE_1.16.0/STM32CubeIDE/plugins/com.st.stm32cube.ide.mcu.externaltools.gnu-tools-for-stm32.12.3.rel1.win32_1.1.0.202410251130/tools/bin/../lib/gcc/arm-none-eabi/12.3.1/../../../../arm-none-eabi/lib/thumb/v8-m.main+fp/hard\libc_nano.a(libc_a-init.o)
 .ARM.attributes
                0x0000012e       0x26 C:/ST/STM32CubeIDE_1.16.0/STM32CubeIDE/plugins/com.st.stm32cube.ide.mcu.externaltools.gnu-tools-for-stm32.12.3.rel1.win32_1.1.0.202410251130/tools/bin/../lib/gcc/arm-none-eabi/12.3.1/thumb/v8-m.main+fp/hard/crtn.o
OUTPUT(Lab 2.elf elf32-littlearm)
LOAD linker stubs
LOAD C:/ST/STM32CubeIDE_1.16.0/STM32CubeIDE/plugins/com.st.stm32cube.ide.mcu.externaltools.gnu-tools-for-stm32.12.3.rel1.win32_1.1.0.202410251130/tools/bin/../lib/gcc/arm-none-eabi/12.3.1/../../../../arm-none-eabi/lib/thumb/v8-m.main+fp/hard\libc.a
LOAD C:/ST/STM32CubeIDE_1.16.0/STM32CubeIDE/plugins/com.st.stm32cube.ide.mcu.externaltools.gnu-tools-for-stm32.12.3.rel1.win32_1.1.0.202410251130/tools/bin/../lib/gcc/arm-none-eabi/12.3.1/../../../../arm-none-eabi/lib/thumb/v8-m.main+fp/hard\libm.a
LOAD C:/ST/STM32CubeIDE_1.16.0/STM32CubeIDE/plugins/com.st.stm32cube.ide.mcu.externaltools.gnu-tools-for-stm32.12.3.rel1.win32_1.1.0.202410251130/tools/bin/../lib/gcc/arm-none-eabi/12.3.1/thumb/v8-m.main+fp/hard\libgcc.a

.debug_info     0x00000000      0xa90
 .debug_info    0x00000000      0x137 ./Core/Src/main.o
 .debug_info    0x00000137      0x929 ./Core/Src/system_stm32u5xx.o
 .debug_info    0x00000a60       0x30 ./Core/Startup/startup_stm32u585aiixq.o

.debug_abbrev   0x00000000      0x20c
 .debug_abbrev  0x00000000       0xbf ./Core/Src/main.o
 .debug_abbrev  0x000000bf      0x129 ./Core/Src/system_stm32u5xx.o
 .debug_abbrev  0x000001e8       0x24 ./Core/Startup/startup_stm32u585aiixq.o

.debug_aranges  0x00000000       0x80
 .debug_aranges
                0x00000000       0x30 ./Core/Src/main.o
 .debug_aranges
                0x00000030       0x28 ./Core/Src/system_stm32u5xx.o
 .debug_aranges
                0x00000058       0x28 ./Core/Startup/startup_stm32u585aiixq.o

.debug_rnglists
                0x00000000       0x52
 .debug_rnglists
                0x00000000       0x1f ./Core/Src/main.o
 .debug_rnglists
                0x0000001f       0x1a ./Core/Src/system_stm32u5xx.o
 .debug_rnglists
                0x00000039       0x19 ./Core/Startup/startup_stm32u585aiixq.o

.debug_macro    0x00000000    0x265ba
 .debug_macro   0x00000000       0xc9 ./Core/Src/main.o
 .debug_macro   0x000000c9      0xac0 ./Core/Src/main.o
 .debug_macro   0x00000b89       0x42 ./Core/Src/main.o
 .debug_macro   0x00000bcb       0x22 ./Core/Src/main.o
 .debug_macro   0x00000bed       0x8e ./Core/Src/main.o
 .debug_macro   0x00000c7b       0x51 ./Core/Src/main.o
 .debug_macro   0x00000ccc      0x103 ./Core/Src/main.o
 .debug_macro   0x00000dcf       0x6a ./Core/Src/main.o
 .debug_macro   0x00000e39      0x1df ./Core/Src/main.o
 .debug_macro   0x00001018       0x1c ./Core/Src/main.o
 .debug_macro   0x00001034       0x29 ./Core/Src/main.o
 .debug_macro   0x0000105d       0xfb ./Core/Src/main.o
 .debug_macro   0x00001158     0x1685 ./Core/Src/main.o
 .debug_macro   0x000027dd       0x5e ./Core/Src/main.o
 .debug_macro   0x0000283b    0x23951 ./Core/Src/main.o
 .debug_macro   0x0002618c      0x197 ./Core/Src/system_stm32u5xx.o
 .debug_macro   0x00026323       0x2e ./Core/Src/system_stm32u5xx.o
 .debug_macro   0x00026351       0x6d ./Core/Src/system_stm32u5xx.o
 .debug_macro   0x000263be       0x61 ./Core/Src/system_stm32u5xx.o
 .debug_macro   0x0002641f      0x19b ./Core/Src/system_stm32u5xx.o

.debug_line     0x00000000      0xd1b
 .debug_line    0x00000000      0x560 ./Core/Src/main.o
 .debug_line    0x00000560      0x742 ./Core/Src/system_stm32u5xx.o
 .debug_line    0x00000ca2       0x79 ./Core/Startup/startup_stm32u585aiixq.o

.debug_str      0x00000000    0xe293b
 .debug_str     0x00000000    0xde1bb ./Core/Src/main.o
                              0xdeb03 (size before relaxing)
 .debug_str     0x000de1bb     0x473b ./Core/Src/system_stm32u5xx.o
                              0xe3279 (size before relaxing)
 .debug_str     0x000e28f6       0x45 ./Core/Startup/startup_stm32u585aiixq.o
                                 0x8b (size before relaxing)

.comment        0x00000000       0x86
 .comment       0x00000000       0x43 ./Core/Src/main.o
                                 0x44 (size before relaxing)
 .comment       0x00000043       0x43 ./Core/Src/system_stm32u5xx.o
                                 0x44 (size before relaxing)

.debug_frame    0x00000000      0x104
 .debug_frame   0x00000000       0x80 ./Core/Src/main.o
 .debug_frame   0x00000080       0x58 ./Core/Src/system_stm32u5xx.o
 .debug_frame   0x000000d8       0x2c C:/ST/STM32CubeIDE_1.16.0/STM32CubeIDE/plugins/com.st.stm32cube.ide.mcu.externaltools.gnu-tools-for-stm32.12.3.rel1.win32_1.1.0.202410251130/tools/bin/../lib/gcc/arm-none-eabi/12.3.1/../../../../arm-none-eabi/lib/thumb/v8-m.main+fp/hard\libc_nano.a(libc_a-init.o)

.debug_line_str
                0x00000000       0x6f
 .debug_line_str
                0x00000000       0x6f ./Core/Startup/startup_stm32u585aiixq.o
