Archive member included to satisfy reference by file (symbol)

C:/ST/STM32CubeIDE_1.16.0/STM32CubeIDE/plugins/com.st.stm32cube.ide.mcu.externaltools.gnu-tools-for-stm32.12.3.rel1.win32_1.0.200.202406191623/tools/bin/../lib/gcc/arm-none-eabi/12.3.1/../../../../arm-none-eabi/lib/thumb/v8-m.main+fp/hard\libc_nano.a(libc_a-exit.o)
                              C:/ST/STM32CubeIDE_1.16.0/STM32CubeIDE/plugins/com.st.stm32cube.ide.mcu.externaltools.gnu-tools-for-stm32.12.3.rel1.win32_1.0.200.202406191623/tools/bin/../lib/gcc/arm-none-eabi/12.3.1/../../../../arm-none-eabi/lib/thumb/v8-m.main+fp/hard/crt0.o (exit)
C:/ST/STM32CubeIDE_1.16.0/STM32CubeIDE/plugins/com.st.stm32cube.ide.mcu.externaltools.gnu-tools-for-stm32.12.3.rel1.win32_1.0.200.202406191623/tools/bin/../lib/gcc/arm-none-eabi/12.3.1/../../../../arm-none-eabi/lib/thumb/v8-m.main+fp/hard\libc_nano.a(libc_a-findfp.o)
                              C:/ST/STM32CubeIDE_1.16.0/STM32CubeIDE/plugins/com.st.stm32cube.ide.mcu.externaltools.gnu-tools-for-stm32.12.3.rel1.win32_1.0.200.202406191623/tools/bin/../lib/gcc/arm-none-eabi/12.3.1/../../../../arm-none-eabi/lib/thumb/v8-m.main+fp/hard\libc_nano.a(libc_a-exit.o) (__stdio_exit_handler)
C:/ST/STM32CubeIDE_1.16.0/STM32CubeIDE/plugins/com.st.stm32cube.ide.mcu.externaltools.gnu-tools-for-stm32.12.3.rel1.win32_1.0.200.202406191623/tools/bin/../lib/gcc/arm-none-eabi/12.3.1/../../../../arm-none-eabi/lib/thumb/v8-m.main+fp/hard\libc_nano.a(libc_a-fwalk.o)
                              C:/ST/STM32CubeIDE_1.16.0/STM32CubeIDE/plugins/com.st.stm32cube.ide.mcu.externaltools.gnu-tools-for-stm32.12.3.rel1.win32_1.0.200.202406191623/tools/bin/../lib/gcc/arm-none-eabi/12.3.1/../../../../arm-none-eabi/lib/thumb/v8-m.main+fp/hard\libc_nano.a(libc_a-findfp.o) (_fwalk_sglue)
C:/ST/STM32CubeIDE_1.16.0/STM32CubeIDE/plugins/com.st.stm32cube.ide.mcu.externaltools.gnu-tools-for-stm32.12.3.rel1.win32_1.0.200.202406191623/tools/bin/../lib/gcc/arm-none-eabi/12.3.1/../../../../arm-none-eabi/lib/thumb/v8-m.main+fp/hard\libc_nano.a(libc_a-sprintf.o)
                              ./Core/Src/rtc.o (sprintf)
C:/ST/STM32CubeIDE_1.16.0/STM32CubeIDE/plugins/com.st.stm32cube.ide.mcu.externaltools.gnu-tools-for-stm32.12.3.rel1.win32_1.0.200.202406191623/tools/bin/../lib/gcc/arm-none-eabi/12.3.1/../../../../arm-none-eabi/lib/thumb/v8-m.main+fp/hard\libc_nano.a(libc_a-stdio.o)
                              C:/ST/STM32CubeIDE_1.16.0/STM32CubeIDE/plugins/com.st.stm32cube.ide.mcu.externaltools.gnu-tools-for-stm32.12.3.rel1.win32_1.0.200.202406191623/tools/bin/../lib/gcc/arm-none-eabi/12.3.1/../../../../arm-none-eabi/lib/thumb/v8-m.main+fp/hard\libc_nano.a(libc_a-findfp.o) (__sread)
C:/ST/STM32CubeIDE_1.16.0/STM32CubeIDE/plugins/com.st.stm32cube.ide.mcu.externaltools.gnu-tools-for-stm32.12.3.rel1.win32_1.0.200.202406191623/tools/bin/../lib/gcc/arm-none-eabi/12.3.1/../../../../arm-none-eabi/lib/thumb/v8-m.main+fp/hard\libc_nano.a(libc_a-memset.o)
                              C:/ST/STM32CubeIDE_1.16.0/STM32CubeIDE/plugins/com.st.stm32cube.ide.mcu.externaltools.gnu-tools-for-stm32.12.3.rel1.win32_1.0.200.202406191623/tools/bin/../lib/gcc/arm-none-eabi/12.3.1/../../../../arm-none-eabi/lib/thumb/v8-m.main+fp/hard/crt0.o (memset)
C:/ST/STM32CubeIDE_1.16.0/STM32CubeIDE/plugins/com.st.stm32cube.ide.mcu.externaltools.gnu-tools-for-stm32.12.3.rel1.win32_1.0.200.202406191623/tools/bin/../lib/gcc/arm-none-eabi/12.3.1/../../../../arm-none-eabi/lib/thumb/v8-m.main+fp/hard\libc_nano.a(libc_a-closer.o)
                              C:/ST/STM32CubeIDE_1.16.0/STM32CubeIDE/plugins/com.st.stm32cube.ide.mcu.externaltools.gnu-tools-for-stm32.12.3.rel1.win32_1.0.200.202406191623/tools/bin/../lib/gcc/arm-none-eabi/12.3.1/../../../../arm-none-eabi/lib/thumb/v8-m.main+fp/hard\libc_nano.a(libc_a-stdio.o) (_close_r)
C:/ST/STM32CubeIDE_1.16.0/STM32CubeIDE/plugins/com.st.stm32cube.ide.mcu.externaltools.gnu-tools-for-stm32.12.3.rel1.win32_1.0.200.202406191623/tools/bin/../lib/gcc/arm-none-eabi/12.3.1/../../../../arm-none-eabi/lib/thumb/v8-m.main+fp/hard\libc_nano.a(libc_a-reent.o)
                              C:/ST/STM32CubeIDE_1.16.0/STM32CubeIDE/plugins/com.st.stm32cube.ide.mcu.externaltools.gnu-tools-for-stm32.12.3.rel1.win32_1.0.200.202406191623/tools/bin/../lib/gcc/arm-none-eabi/12.3.1/../../../../arm-none-eabi/lib/thumb/v8-m.main+fp/hard\libc_nano.a(libc_a-closer.o) (errno)
C:/ST/STM32CubeIDE_1.16.0/STM32CubeIDE/plugins/com.st.stm32cube.ide.mcu.externaltools.gnu-tools-for-stm32.12.3.rel1.win32_1.0.200.202406191623/tools/bin/../lib/gcc/arm-none-eabi/12.3.1/../../../../arm-none-eabi/lib/thumb/v8-m.main+fp/hard\libc_nano.a(libc_a-impure.o)
                              C:/ST/STM32CubeIDE_1.16.0/STM32CubeIDE/plugins/com.st.stm32cube.ide.mcu.externaltools.gnu-tools-for-stm32.12.3.rel1.win32_1.0.200.202406191623/tools/bin/../lib/gcc/arm-none-eabi/12.3.1/../../../../arm-none-eabi/lib/thumb/v8-m.main+fp/hard\libc_nano.a(libc_a-sprintf.o) (_impure_ptr)
[...]
Memory Configuration

Name             Origin             Length             Attributes
RAM              0x20000000         0x000c0000         xrw
SRAM4            0x28000000         0x00004000         xrw
FLASH            0x08000000         0x00200000         xr
*default*        0x00000000         0xffffffff

Linker script and memory map

LOAD C:/ST/STM32CubeIDE_1.16.0/STM32CubeIDE/plugins/com.st.stm32cube.ide.mcu.externaltools.gnu-tools-for-stm32.12.3.rel1.win32_1.0.200.202406191623/tools/bin/../lib/gcc/arm-none-eabi/12.3.1/thumb/v8-m.main+fp/hard/crti.o
LOAD C:/ST/STM32CubeIDE_1.16.0/STM32CubeIDE/plugins/com.st.stm32cube.ide.mcu.externaltools.gnu-tools-for-stm32.12.3.rel1.win32_1.0.200.202406191623/tools/bin/../lib/gcc/arm-none-eabi/12.3.1/thumb/v8-m.main+fp/hard/crtbegin.o
LOAD C:/ST/STM32CubeIDE_1.16.0/STM32CubeIDE/plugins/com.st.stm32cube.ide.mcu.externaltools.gnu-tools-for-stm32.12.3.rel1.win32_1.0.200.202406191623/tools/bin/../lib/gcc/arm-none-eabi/12.3.1/../../../../arm-none-eabi/lib/thumb/v8-m.main+fp/hard/crt0.o
LOAD ./Core/Src/main.o
LOAD ./Core/Src/rtc.o
LOAD ./Core/Src/syscalls.o
LOAD ./Core/Src/sysmem.o
LOAD ./Core/Src/system_stm32u5xx.o
LOAD ./Core/Startup/startup_stm32u585aiixq.o
LOAD ./Drivers/STM32U5xx_HAL_Driver/Src/stm32u5xx_ll_dma.o
LOAD ./Drivers/STM32U5xx_HAL_Driver/Src/stm32u5xx_ll_exti.o
LOAD ./Drivers/STM32U5xx_HAL_Driver/Src/stm32u5xx_ll_gpio.o
LOAD ./Drivers/STM32U5xx_HAL_Driver/Src/stm32u5xx_ll_lpgpio.o
LOAD ./Drivers/STM32U5xx_HAL_Driver/Src/stm32u5xx_ll_ucpd.o
LOAD ./Drivers/STM32U5xx_HAL_Driver/Src/stm32u5xx_ll_utils.o
START GROUP
LOAD C:/ST/STM32CubeIDE_1.16.0/STM32CubeIDE/plugins/com.st.stm32cube.ide.mcu.externaltools.gnu-tools-for-stm32.12.3.rel1.win32_1.0.200.202406191623/tools/bin/../lib/gcc/arm-none-eabi/12.3.1/../../../../arm-none-eabi/lib/thumb/v8-m.main+fp/hard\libc_nano.a
LOAD C:/ST/STM32CubeIDE_1.16.0/STM32CubeIDE/plugins/com.st.stm32cube.ide.mcu.externaltools.gnu-tools-for-stm32.12.3.rel1.win32_1.0.200.202406191623/tools/bin/../lib/gcc/arm-none-eabi/12.3.1/../../../../arm-none-eabi/lib/thumb/v8-m.main+fp/hard\libm.a
END GROUP
START GROUP
LOAD C:/ST/STM32CubeIDE_1.16.0/STM32CubeIDE/plugins/com.st.stm32cube.ide.mcu.externaltools.gnu-tools-for-stm32.12.3.rel1.win32_1.0.200.202406191623/tools/bin/../lib/gcc/arm-none-eabi/12.3.1/thumb/v8-m.main+fp/hard\libgcc.a
LOAD C:/ST/STM32CubeIDE_1.16.0/STM32CubeIDE/plugins/com.st.stm32cube.ide.mcu.externaltools.gnu-tools-for-stm32.12.3.rel1.win32_1.0.200.202406191623/tools/bin/../lib/gcc/arm-none-eabi/12.3.1/../../../../arm-none-eabi/lib/thumb/v8-m.main+fp/hard\libc_nano.a
END GROUP
START GROUP
LOAD C:/ST/STM32CubeIDE_1.16.0/STM32CubeIDE/plugins/com.st.stm32cube.ide.mcu.externaltools.gnu-tools-for-stm32.12.3.rel1.win32_1.0.200.202406191623/tools/bin/../lib/gcc/arm-none-eabi/12.3.1/thumb/v8-m.main+fp/hard\libgcc.a
LOAD C:/ST/STM32CubeIDE_1.16.0/STM32CubeIDE/plugins/com.st.stm32cube.ide.mcu.externaltools.gnu-tools-for-stm32.12.3.rel1.win32_1.0.200.202406191623/tools/bin/../lib/gcc/arm-none-eabi/12.3.1/../../../../arm-none-eabi/lib/thumb/v8-m.main+fp/hard\libc_nano.a
LOAD C:/ST/STM32CubeIDE_1.16.0/STM32CubeIDE/plugins/com.st.stm32cube.ide.mcu.externaltools.gnu-tools-for-stm32.12.3.rel1.win32_1.0.200.202406191623/tools/bin/../lib/gcc/arm-none-eabi/12.3.1/../../../../arm-none-eabi/lib/thumb/v8-m.main+fp/hard\libnosys.a
END GROUP
START GROUP
LOAD C:/ST/STM32CubeIDE_1.16.0/STM32CubeIDE/plugins/com.st.stm32cube.ide.mcu.externaltools.gnu-tools-for-stm32.12.3.rel1.win32_1.0.200.202406191623/tools/bin/../lib/gcc/arm-none-eabi/12.3.1/thumb/v8-m.main+fp/hard\libgcc.a
LOAD C:/ST/STM32CubeIDE_1.16.0/STM32CubeIDE/plugins/com.st.stm32cube.ide.mcu.externaltools.gnu-tools-for-stm32.12.3.rel1.win32_1.0.200.202406191623/tools/bin/../lib/gcc/arm-none-eabi/12.3.1/../../../../arm-none-eabi/lib/thumb/v8-m.main+fp/hard\libc_nano.a
LOAD C:/ST/STM32CubeIDE_1.16.0/STM32CubeIDE/plugins/com.st.stm32cube.ide.mcu.externaltools.gnu-tools-for-stm32.12.3.rel1.win32_1.0.200.202406191623/tools/bin/../lib/gcc/arm-none-eabi/12.3.1/../../../../arm-none-eabi/lib/thumb/v8-m.main+fp/hard\libnosys.a
END GROUP
LOAD C:/ST/STM32CubeIDE_1.16.0/STM32CubeIDE/plugins/com.st.stm32cube.ide.mcu.externaltools.gnu-tools-for-stm32.12.3.rel1.win32_1.0.200.202406191623/tools/bin/../lib/gcc/arm-none-eabi/12.3.1/thumb/v8-m.main+fp/hard/crtend.o
LOAD C:/ST/STM32CubeIDE_1.16.0/STM32CubeIDE/plugins/com.st.stm32cube.ide.mcu.externaltools.gnu-tools-for-stm32.12.3.rel1.win32_1.0.200.202406191623/tools/bin/../lib/gcc/arm-none-eabi/12.3.1/thumb/v8-m.main+fp/hard/crtn.o
                0x200c0000                        _estack = (ORIGIN (RAM) + LENGTH (RAM))
                0x00000200                        _Min_Heap_Size = 0x200
                0x00000400                        _Min_Stack_Size = 0x400

.isr_vector     0x08000000      0x238
 *(.isr_vector)
 .isr_vector    0x08000000      0x238 ./Core/Startup/startup_stm32u585aiixq.o
                0x08000000                g_pfnVectors

.text           0x08000238      0x994
 *(.text)
 .text          0x08000238       0x40 C:/ST/STM32CubeIDE_1.16.0/STM32CubeIDE/plugins/com.st.stm32cube.ide.mcu.externaltools.gnu-tools-for-stm32.12.3.rel1.win32_1.0.200.202406191623/tools/bin/../lib/gcc/arm-none-eabi/12.3.1/thumb/v8-m.main+fp/hard/crtbegin.o
 *(.text*)
 .text.LL_AHB3_GRP1_EnableClock
                0x08000278       0x38 ./Core/Src/main.o
 .text.LL_RCC_MSI_SetCalibTrimming
                0x080002b0       0x40 ./Core/Src/main.o
 .text.simplified_MSI_PLL_160M
                0x080002f0      0x208 ./Core/Src/main.o
                0x080002f0                simplified_MSI_PLL_160M
 .text.activate_cache
                0x080004f8       0x5c ./Core/Src/main.o
                0x080004f8                activate_cache
 .text.main     0x08000554      0x264 ./Core/Src/main.o
                0x08000554                main
 .text.byte2bcd
                0x080007b8       0x3a ./Core/Src/rtc.o
 .text.bcd2byte
                0x080007f2       0x38 ./Core/Src/rtc.o
 *fill*         0x0800082a        0x2 
 .text.BSP_RTC_SetTime
                0x0800082c       0x90 ./Core/Src/rtc.o
                0x0800082c                BSP_RTC_SetTime
 .text.BSP_RTC_GetTime
                0x080008bc       0x68 ./Core/Src/rtc.o
                0x080008bc                BSP_RTC_GetTime
 .text.Configure_RTC
                0x08000924      0x184 ./Core/Src/rtc.o
                0x08000924                Configure_RTC
 .text.SystemInit
                0x08000aa8       0x70 ./Core/Src/system_stm32u5xx.o
                0x08000aa8                SystemInit
 .text.Reset_Handler
                0x08000b18       0x50 ./Core/Startup/startup_stm32u585aiixq.o
                0x08000b18                Reset_Handler
 .text.Default_Handler
                0x08000b68        0x2 ./Core/Startup/startup_stm32u585aiixq.o
                0x08000b68                EXTI2_IRQHandler
                0x08000b68                TIM8_TRG_COM_IRQHandler
                0x08000b68                TIM8_CC_IRQHandler
                0x08000b68                EXTI5_IRQHandler
                0x08000b68                DebugMon_Handler
                0x08000b68                FLASH_S_IRQHandler
                0x08000b68                EXTI13_IRQHandler
                0x08000b68                TIM1_CC_IRQHandler
                0x08000b68                TSC_IRQHandler
                0x08000b68                HardFault_Handler
                0x08000b68                TAMP_IRQHandler
                0x08000b68                TIM6_IRQHandler
                0x08000b68                EXTI12_IRQHandler
                0x08000b68                CORDIC_IRQHandler
                0x08000b68                SysTick_Handler
                0x08000b68                PendSV_Handler
                0x08000b68                NMI_Handler
                0x08000b68                EXTI3_IRQHandler
                0x08000b68                LPTIM4_IRQHandler
                0x08000b68                GPDMA1_Channel5_IRQHandler
                0x08000b68                EXTI8_IRQHandler
                0x08000b68                LPTIM2_IRQHandler
                0x08000b68                I2C3_ER_IRQHandler
                0x08000b68                PWR_S3WU_IRQHandler
                0x08000b68                MDF1_FLT2_IRQHandler
                0x08000b68                LPDMA1_Channel3_IRQHandler
                0x08000b68                LPTIM3_IRQHandler
                0x08000b68                EXTI0_IRQHandler
                0x08000b68                I2C2_EV_IRQHandler
                0x08000b68                FPU_IRQHandler
                0x08000b68                GPDMA1_Channel3_IRQHandler
                0x08000b68                GPDMA1_Channel7_IRQHandler
                0x08000b68                MDF1_FLT4_IRQHandler
                0x08000b68                FDCAN1_IT1_IRQHandler
                0x08000b68                RAMCFG_IRQHandler
                0x08000b68                UsageFault_Handler
                0x08000b68                GPDMA1_Channel9_IRQHandler
                0x08000b68                DCACHE1_IRQHandler
                0x08000b68                SPI1_IRQHandler
                0x08000b68                OCTOSPI1_IRQHandler
                0x08000b68                GPDMA1_Channel2_IRQHandler
                0x08000b68                TIM8_UP_IRQHandler
                0x08000b68                RCC_S_IRQHandler
                0x08000b68                OCTOSPI2_IRQHandler
                0x08000b68                SAI2_IRQHandler
                0x08000b68                MDF1_FLT1_IRQHandler
                0x08000b68                ADC1_IRQHandler
                0x08000b68                PKA_IRQHandler
                0x08000b68                MDF1_FLT5_IRQHandler
                0x08000b68                EXTI15_IRQHandler
                0x08000b68                TIM17_IRQHandler
                0x08000b68                USART3_IRQHandler
                0x08000b68                RTC_IRQHandler
                0x08000b68                EXTI9_IRQHandler
                0x08000b68                UART5_IRQHandler
                0x08000b68                TIM4_IRQHandler
                0x08000b68                I2C1_EV_IRQHandler
                0x08000b68                GPDMA1_Channel12_IRQHandler
                0x08000b68                GPDMA1_Channel1_IRQHandler
                0x08000b68                TIM16_IRQHandler
                0x08000b68                GPDMA1_Channel15_IRQHandler
                0x08000b68                UART4_IRQHandler
                0x08000b68                SecureFault_Handler
                0x08000b68                TIM3_IRQHandler
                0x08000b68                RCC_IRQHandler
                0x08000b68                TIM1_TRG_COM_IRQHandler
                0x08000b68                Default_Handler
                0x08000b68                GPDMA1_Channel8_IRQHandler
                0x08000b68                FMAC_IRQHandler
                0x08000b68                OTFDEC1_IRQHandler
                0x08000b68                GPDMA1_Channel11_IRQHandler
                0x08000b68                TIM7_IRQHandler
                0x08000b68                SDMMC1_IRQHandler
                0x08000b68                SAES_IRQHandler
                0x08000b68                TIM5_IRQHandler
                0x08000b68                UCPD1_IRQHandler
                0x08000b68                GPDMA1_Channel0_IRQHandler
                0x08000b68                TIM15_IRQHandler
                0x08000b68                I2C3_EV_IRQHandler
                0x08000b68                LPDMA1_Channel0_IRQHandler
                0x08000b68                PVD_PVM_IRQHandler
                0x08000b68                SPI2_IRQHandler
                0x08000b68                MemManage_Handler
                0x08000b68                LPDMA1_Channel1_IRQHandler
                0x08000b68                EXTI14_IRQHandler
                0x08000b68                EXTI11_IRQHandler
                0x08000b68                OTFDEC2_IRQHandler
                0x08000b68                SVC_Handler
                0x08000b68                CRS_IRQHandler
                0x08000b68                GPDMA1_Channel14_IRQHandler
                0x08000b68                LSECSSD_IRQHandler
                0x08000b68                EXTI4_IRQHandler
                0x08000b68                RTC_S_IRQHandler
                0x08000b68                GPDMA1_Channel13_IRQHandler
                0x08000b68                RNG_IRQHandler
                0x08000b68                COMP_IRQHandler
                0x08000b68                TIM1_UP_IRQHandler
                0x08000b68                ADC4_IRQHandler
                0x08000b68                WWDG_IRQHandler
                0x08000b68                I2C4_EV_IRQHandler
                0x08000b68                ADF1_IRQHandler
                0x08000b68                IWDG_IRQHandler
                0x08000b68                LPUART1_IRQHandler
                0x08000b68                MDF1_FLT0_IRQHandler
                0x08000b68                FDCAN1_IT0_IRQHandler
                0x08000b68                TIM2_IRQHandler
                0x08000b68                GPDMA1_Channel4_IRQHandler
                0x08000b68                EXTI7_IRQHandler
                0x08000b68                DMA2D_IRQHandler
                0x08000b68                TIM1_BRK_IRQHandler
                0x08000b68                EXTI1_IRQHandler
                0x08000b68                SDMMC2_IRQHandler
                0x08000b68                AES_IRQHandler
                0x08000b68                DAC1_IRQHandler
                0x08000b68                GTZC_IRQHandler
                0x08000b68                MDF1_FLT3_IRQHandler
                0x08000b68                USART2_IRQHandler
                0x08000b68                GPDMA1_Channel6_IRQHandler
                0x08000b68                I2C2_ER_IRQHandler
                0x08000b68                TIM8_BRK_IRQHandler
                0x08000b68                FLASH_IRQHandler
                0x08000b68                BusFault_Handler
                0x08000b68                USART1_IRQHandler
                0x08000b68                EXTI10_IRQHandler
                0x08000b68                OTG_FS_IRQHandler
                0x08000b68                SPI3_IRQHandler
                0x08000b68                LPDMA1_Channel2_IRQHandler
                0x08000b68                I2C1_ER_IRQHandler
                0x08000b68                FMC_IRQHandler
                0x08000b68                EXTI6_IRQHandler
                0x08000b68                LPTIM1_IRQHandler
                0x08000b68                DCMI_PSSI_IRQHandler
                0x08000b68                I2C4_ER_IRQHandler
                0x08000b68                GPDMA1_Channel10_IRQHandler
                0x08000b68                ICACHE_IRQHandler
                0x08000b68                SAI1_IRQHandler
                0x08000b68                HASH_IRQHandler
 *fill*         0x08000b6a        0x2 
 .text.__libc_init_array
                0x08000b6c       0x48 C:/ST/STM32CubeIDE_1.16.0/STM32CubeIDE/plugins/com.st.stm32cube.ide.mcu.externaltools.gnu-tools-for-stm32.12.3.rel1.win32_1.0.200.202406191623/tools/bin/../lib/gcc/arm-none-eabi/12.3.1/../../../../arm-none-eabi/lib/thumb/v8-m.main+fp/hard\libc_nano.a(libc_a-init.o)
                0x08000b6c                __libc_init_array
 *(.glue_7)
 .glue_7        0x08000bb4        0x0 linker stubs
 *(.glue_7t)
 .glue_7t       0x08000bb4        0x0 linker stubs
 *(.eh_frame)
 .eh_frame      0x08000bb4        0x0 C:/ST/STM32CubeIDE_1.16.0/STM32CubeIDE/plugins/com.st.stm32cube.ide.mcu.externaltools.gnu-tools-for-stm32.12.3.rel1.win32_1.0.200.202406191623/tools/bin/../lib/gcc/arm-none-eabi/12.3.1/thumb/v8-m.main+fp/hard/crtbegin.o
 *(.init)
 .init          0x08000bb4        0x4 C:/ST/STM32CubeIDE_1.16.0/STM32CubeIDE/plugins/com.st.stm32cube.ide.mcu.externaltools.gnu-tools-for-stm32.12.3.rel1.win32_1.0.200.202406191623/tools/bin/../lib/gcc/arm-none-eabi/12.3.1/thumb/v8-m.main+fp/hard/crti.o
                0x08000bb4                _init
 .init          0x08000bb8        0x8 C:/ST/STM32CubeIDE_1.16.0/STM32CubeIDE/plugins/com.st.stm32cube.ide.mcu.externaltools.gnu-tools-for-stm32.12.3.rel1.win32_1.0.200.202406191623/tools/bin/../lib/gcc/arm-none-eabi/12.3.1/thumb/v8-m.main+fp/hard/crtn.o
 *(.fini)
 .fini          0x08000bc0        0x4 C:/ST/STM32CubeIDE_1.16.0/STM32CubeIDE/plugins/com.st.stm32cube.ide.mcu.externaltools.gnu-tools-for-stm32.12.3.rel1.win32_1.0.200.202406191623/tools/bin/../lib/gcc/arm-none-eabi/12.3.1/thumb/v8-m.main+fp/hard/crti.o
                0x08000bc0                _fini
 .fini          0x08000bc4        0x8 C:/ST/STM32CubeIDE_1.16.0/STM32CubeIDE/plugins/com.st.stm32cube.ide.mcu.externaltools.gnu-tools-for-stm32.12.3.rel1.win32_1.0.200.202406191623/tools/bin/../lib/gcc/arm-none-eabi/12.3.1/thumb/v8-m.main+fp/hard/crtn.o
                0x08000bcc                        _etext = .

.vfp11_veneer   0x08000bcc        0x0
 .vfp11_veneer  0x08000bcc        0x0 linker stubs

.v4_bx          0x08000bcc        0x0
 .v4_bx         0x08000bcc        0x0 linker stubs

.iplt           0x08000bcc        0x0
 .iplt          0x08000bcc        0x0 C:/ST/STM32CubeIDE_1.16.0/STM32CubeIDE/plugins/com.st.stm32cube.ide.mcu.externaltools.gnu-tools-for-stm32.12.3.rel1.win32_1.0.200.202406191623/tools/bin/../lib/gcc/arm-none-eabi/12.3.1/thumb/v8-m.main+fp/hard/crtbegin.o

.rodata
 *(.rodata)
 *(.rodata*)

.ARM.extab
 *(.ARM.extab* .gnu.linkonce.armextab.*)

.ARM            0x08000bcc        0x0
                0x08000bcc                        __exidx_start = .
 *(.ARM.exidx*)
                0x08000bcc                        __exidx_end = .

.preinit_array  0x08000bcc        0x0
                0x08000bcc                        PROVIDE (__preinit_array_start = .)
 *(.preinit_array*)
                0x08000bcc                        PROVIDE (__preinit_array_end = .)

.init_array     0x08000bcc        0x4
                0x08000bcc                        PROVIDE (__init_array_start = .)
 *(SORT_BY_NAME(.init_array.*))
 *(.init_array*)
 .init_array    0x08000bcc        0x4 C:/ST/STM32CubeIDE_1.16.0/STM32CubeIDE/plugins/com.st.stm32cube.ide.mcu.externaltools.gnu-tools-for-stm32.12.3.rel1.win32_1.0.200.202406191623/tools/bin/../lib/gcc/arm-none-eabi/12.3.1/thumb/v8-m.main+fp/hard/crtbegin.o
                0x08000bd0                        PROVIDE (__init_array_end = .)

.fini_array     0x08000bd0        0x4
                [!provide]                        PROVIDE (__fini_array_start = .)
 *(SORT_BY_NAME(.fini_array.*))
 *(.fini_array*)
 .fini_array    0x08000bd0        0x4 C:/ST/STM32CubeIDE_1.16.0/STM32CubeIDE/plugins/com.st.stm32cube.ide.mcu.externaltools.gnu-tools-for-stm32.12.3.rel1.win32_1.0.200.202406191623/tools/bin/../lib/gcc/arm-none-eabi/12.3.1/thumb/v8-m.main+fp/hard/crtbegin.o
                [!provide]                        PROVIDE (__fini_array_end = .)
                0x08000bd4                        _sidata = LOADADDR (.data)

.rel.dyn        0x08000bd4        0x0
 .rel.iplt      0x08000bd4        0x0 C:/ST/STM32CubeIDE_1.16.0/STM32CubeIDE/plugins/com.st.stm32cube.ide.mcu.externaltools.gnu-tools-for-stm32.12.3.rel1.win32_1.0.200.202406191623/tools/bin/../lib/gcc/arm-none-eabi/12.3.1/thumb/v8-m.main+fp/hard/crtbegin.o

.data           0x20000000        0x0 load address 0x08000bd4
                0x20000000                        _sdata = .
 *(.data)
 *(.data*)
 *(.RamFunc)
 *(.RamFunc*)
                0x20000000                        _edata = .

.igot.plt       0x20000000        0x0 load address 0x08000bd4
 .igot.plt      0x20000000        0x0 C:/ST/STM32CubeIDE_1.16.0/STM32CubeIDE/plugins/com.st.stm32cube.ide.mcu.externaltools.gnu-tools-for-stm32.12.3.rel1.win32_1.0.200.202406191623/tools/bin/../lib/gcc/arm-none-eabi/12.3.1/thumb/v8-m.main+fp/hard/crtbegin.o

.bss            0x20000000       0x20 load address 0x08000bd4
                0x20000000                        _sbss = .
                0x20000000                        __bss_start__ = _sbss
 *(.bss)
 .bss           0x20000000       0x1c C:/ST/STM32CubeIDE_1.16.0/STM32CubeIDE/plugins/com.st.stm32cube.ide.mcu.externaltools.gnu-tools-for-stm32.12.3.rel1.win32_1.0.200.202406191623/tools/bin/../lib/gcc/arm-none-eabi/12.3.1/thumb/v8-m.main+fp/hard/crtbegin.o
 *(.bss*)
 .bss.counter   0x2000001c        0x4 ./Core/Src/main.o
                0x2000001c                counter
 *(COMMON)
                0x20000020                        _ebss = .
                0x20000020                        __bss_end__ = _ebss

._user_heap_stack
                0x20000020      0x600 load address 0x08000bd4
                0x20000020                        . = ALIGN (0x8)
                [!provide]                        PROVIDE (end = .)
                0x20000020                        PROVIDE (_end = .)
                0x20000220                        . = (. + _Min_Heap_Size)
 *fill*         0x20000020      0x200 
                0x20000620                        . = (. + _Min_Stack_Size)
 *fill*         0x20000220      0x400 
                0x20000620                        . = ALIGN (0x8)

/DISCARD/
 libc.a(*)
 libm.a(*)
 libgcc.a(*)

.ARM.attributes
                0x00000000       0x36
 *(.ARM.attributes)
 .ARM.attributes
                0x00000000       0x26 C:/ST/STM32CubeIDE_1.16.0/STM32CubeIDE/plugins/com.st.stm32cube.ide.mcu.externaltools.gnu-tools-for-stm32.12.3.rel1.win32_1.0.200.202406191623/tools/bin/../lib/gcc/arm-none-eabi/12.3.1/thumb/v8-m.main+fp/hard/crti.o
 .ARM.attributes
                0x00000026       0x38 C:/ST/STM32CubeIDE_1.16.0/STM32CubeIDE/plugins/com.st.stm32cube.ide.mcu.externaltools.gnu-tools-for-stm32.12.3.rel1.win32_1.0.200.202406191623/tools/bin/../lib/gcc/arm-none-eabi/12.3.1/thumb/v8-m.main+fp/hard/crtbegin.o
 .ARM.attributes
                0x0000005e       0x3a ./Core/Src/main.o
 .ARM.attributes
                0x00000098       0x3a ./Core/Src/rtc.o
 .ARM.attributes
                0x000000d2       0x3a ./Core/Src/system_stm32u5xx.o
 .ARM.attributes
                0x0000010c       0x24 ./Core/Startup/startup_stm32u585aiixq.o
 .ARM.attributes
                0x00000130       0x38 C:/ST/STM32CubeIDE_1.16.0/STM32CubeIDE/plugins/com.st.stm32cube.ide.mcu.externaltools.gnu-tools-for-stm32.12.3.rel1.win32_1.0.200.202406191623/tools/bin/../lib/gcc/arm-none-eabi/12.3.1/../../../../arm-none-eabi/lib/thumb/v8-m.main+fp/hard\libc_nano.a(libc_a-init.o)
 .ARM.attributes
                0x00000168       0x26 C:/ST/STM32CubeIDE_1.16.0/STM32CubeIDE/plugins/com.st.stm32cube.ide.mcu.externaltools.gnu-tools-for-stm32.12.3.rel1.win32_1.0.200.202406191623/tools/bin/../lib/gcc/arm-none-eabi/12.3.1/thumb/v8-m.main+fp/hard/crtn.o
OUTPUT(myProject.elf elf32-littlearm)
LOAD linker stubs
LOAD C:/ST/STM32CubeIDE_1.16.0/STM32CubeIDE/plugins/com.st.stm32cube.ide.mcu.externaltools.gnu-tools-for-stm32.12.3.rel1.win32_1.0.200.202406191623/tools/bin/../lib/gcc/arm-none-eabi/12.3.1/../../../../arm-none-eabi/lib/thumb/v8-m.main+fp/hard\libc.a
LOAD C:/ST/STM32CubeIDE_1.16.0/STM32CubeIDE/plugins/com.st.stm32cube.ide.mcu.externaltools.gnu-tools-for-stm32.12.3.rel1.win32_1.0.200.202406191623/tools/bin/../lib/gcc/arm-none-eabi/12.3.1/../../../../arm-none-eabi/lib/thumb/v8-m.main+fp/hard\libm.a
LOAD C:/ST/STM32CubeIDE_1.16.0/STM32CubeIDE/plugins/com.st.stm32cube.ide.mcu.externaltools.gnu-tools-for-stm32.12.3.rel1.win32_1.0.200.202406191623/tools/bin/../lib/gcc/arm-none-eabi/12.3.1/thumb/v8-m.main+fp/hard\libgcc.a

.debug_info     0x00000000     0x1f5a
 .debug_info    0x00000000      0xc3e ./Core/Src/main.o
 .debug_info    0x00000c3e      0x9c3 ./Core/Src/rtc.o
 .debug_info    0x00001601      0x929 ./Core/Src/system_stm32u5xx.o
 .debug_info    0x00001f2a       0x30 ./Core/Startup/startup_stm32u585aiixq.o

.debug_abbrev   0x00000000      0x5e0
 .debug_abbrev  0x00000000      0x274 ./Core/Src/main.o
 .debug_abbrev  0x00000274      0x21f ./Core/Src/rtc.o
 .debug_abbrev  0x00000493      0x129 ./Core/Src/system_stm32u5xx.o
 .debug_abbrev  0x000005bc       0x24 ./Core/Startup/startup_stm32u585aiixq.o

.debug_aranges  0x00000000      0x108
 .debug_aranges
                0x00000000       0x60 ./Core/Src/main.o
 .debug_aranges
                0x00000060       0x58 ./Core/Src/rtc.o
 .debug_aranges
                0x000000b8       0x28 ./Core/Src/system_stm32u5xx.o
 .debug_aranges
                0x000000e0       0x28 ./Core/Startup/startup_stm32u585aiixq.o

.debug_rnglists
                0x00000000       0xba
 .debug_rnglists
                0x00000000       0x46 ./Core/Src/main.o
 .debug_rnglists
                0x00000046       0x41 ./Core/Src/rtc.o
 .debug_rnglists
                0x00000087       0x1a ./Core/Src/system_stm32u5xx.o
 .debug_rnglists
                0x000000a1       0x19 ./Core/Startup/startup_stm32u585aiixq.o

.debug_macro    0x00000000    0x2968b
 .debug_macro   0x00000000      0x158 ./Core/Src/main.o
 .debug_macro   0x00000158      0xac0 ./Core/Src/main.o
 .debug_macro   0x00000c18       0x2e ./Core/Src/main.o
 .debug_macro   0x00000c46       0x42 ./Core/Src/main.o
 .debug_macro   0x00000c88       0x22 ./Core/Src/main.o
 .debug_macro   0x00000caa       0x8e ./Core/Src/main.o
 .debug_macro   0x00000d38       0x51 ./Core/Src/main.o
 .debug_macro   0x00000d89      0x103 ./Core/Src/main.o
 .debug_macro   0x00000e8c       0x6a ./Core/Src/main.o
 .debug_macro   0x00000ef6      0x1df ./Core/Src/main.o
 .debug_macro   0x000010d5       0x1c ./Core/Src/main.o
 .debug_macro   0x000010f1       0x29 ./Core/Src/main.o
 .debug_macro   0x0000111a       0xfb ./Core/Src/main.o
 .debug_macro   0x00001215     0x1685 ./Core/Src/main.o
 .debug_macro   0x0000289a       0x5e ./Core/Src/main.o
 .debug_macro   0x000028f8    0x23951 ./Core/Src/main.o
 .debug_macro   0x00026249       0x6d ./Core/Src/main.o
 .debug_macro   0x000262b6      0x37e ./Core/Src/main.o
 .debug_macro   0x00026634      0x161 ./Core/Src/main.o
 .debug_macro   0x00026795      0xaef ./Core/Src/main.o
 .debug_macro   0x00027284      0x28b ./Core/Src/main.o
 .debug_macro   0x0002750f       0xed ./Core/Src/main.o
 .debug_macro   0x000275fc      0x4e1 ./Core/Src/main.o
 .debug_macro   0x00027add      0x167 ./Core/Src/main.o
 .debug_macro   0x00027c44      0x8e9 ./Core/Src/main.o
 .debug_macro   0x0002852d      0x19a ./Core/Src/main.o
 .debug_macro   0x000286c7      0x1d0 ./Core/Src/rtc.o
 .debug_macro   0x00028897       0x61 ./Core/Src/rtc.o
 .debug_macro   0x000288f8       0x2a ./Core/Src/rtc.o
 .debug_macro   0x00028922       0x43 ./Core/Src/rtc.o
 .debug_macro   0x00028965       0x34 ./Core/Src/rtc.o
 .debug_macro   0x00028999       0x16 ./Core/Src/rtc.o
 .debug_macro   0x000289af       0x9e ./Core/Src/rtc.o
 .debug_macro   0x00028a4d      0x369 ./Core/Src/rtc.o
 .debug_macro   0x00028db6      0x10b ./Core/Src/rtc.o
 .debug_macro   0x00028ec1       0x10 ./Core/Src/rtc.o
 .debug_macro   0x00028ed1       0x16 ./Core/Src/rtc.o
 .debug_macro   0x00028ee7       0x43 ./Core/Src/rtc.o
 .debug_macro   0x00028f2a       0x34 ./Core/Src/rtc.o
 .debug_macro   0x00028f5e       0x10 ./Core/Src/rtc.o
 .debug_macro   0x00028f6e       0x58 ./Core/Src/rtc.o
 .debug_macro   0x00028fc6       0x8e ./Core/Src/rtc.o
 .debug_macro   0x00029054       0x1c ./Core/Src/rtc.o
 .debug_macro   0x00029070      0x177 ./Core/Src/rtc.o
 .debug_macro   0x000291e7       0x16 ./Core/Src/rtc.o
 .debug_macro   0x000291fd       0x16 ./Core/Src/rtc.o
 .debug_macro   0x00029213      0x146 ./Core/Src/rtc.o
 .debug_macro   0x00029359      0x197 ./Core/Src/system_stm32u5xx.o
 .debug_macro   0x000294f0      0x19b ./Core/Src/system_stm32u5xx.o

.debug_line     0x00000000     0x1b01
 .debug_line    0x00000000      0xaa0 ./Core/Src/main.o
 .debug_line    0x00000aa0      0x8a6 ./Core/Src/rtc.o
 .debug_line    0x00001346      0x742 ./Core/Src/system_stm32u5xx.o
 .debug_line    0x00001a88       0x79 ./Core/Startup/startup_stm32u585aiixq.o

.debug_str      0x00000000    0xf4180
 .debug_str     0x00000000    0xefb40 ./Core/Src/main.o
                              0xf0496 (size before relaxing)
 .debug_str     0x000efb40     0x3bfd ./Core/Src/rtc.o
                              0xe2b23 (size before relaxing)
 .debug_str     0x000f373d      0x9fe ./Core/Src/system_stm32u5xx.o
                              0xe3272 (size before relaxing)
 .debug_str     0x000f413b       0x45 ./Core/Startup/startup_stm32u585aiixq.o
                                 0x84 (size before relaxing)

.comment        0x00000000       0x43
 .comment       0x00000000       0x43 ./Core/Src/main.o
                                 0x44 (size before relaxing)
 .comment       0x00000043       0x44 ./Core/Src/rtc.o
 .comment       0x00000043       0x44 ./Core/Src/system_stm32u5xx.o

.debug_frame    0x00000000      0x308
 .debug_frame   0x00000000      0x144 ./Core/Src/main.o
 .debug_frame   0x00000144      0x140 ./Core/Src/rtc.o
 .debug_frame   0x00000284       0x58 ./Core/Src/system_stm32u5xx.o
 .debug_frame   0x000002dc       0x2c C:/ST/STM32CubeIDE_1.16.0/STM32CubeIDE/plugins/com.st.stm32cube.ide.mcu.externaltools.gnu-tools-for-stm32.12.3.rel1.win32_1.0.200.202406191623/tools/bin/../lib/gcc/arm-none-eabi/12.3.1/../../../../arm-none-eabi/lib/thumb/v8-m.main+fp/hard\libc_nano.a(libc_a-init.o)

.debug_line_str
                0x00000000       0x68
 .debug_line_str
                0x00000000       0x68 ./Core/Startup/startup_stm32u585aiixq.o
